  Compiling CUDA source file ..\..\..\..\OneDrive - hull.ac.uk\Downloads\ImageProcess_cuda.cu...
  
  C:\Users\806395\source\repos\CudaLab4-ImageProc\CudaLab4-ImageProc>"C:\Program Files\NVIDIA GPU Computing Toolkit\CUDA\v12.9\bin\nvcc.exe" -gencode=arch=compute_52,code=\"sm_52,compute_52\" --use-local-env -ccbin "C:\Program Files\Microsoft Visual Studio\2022\Enterprise\VC\Tools\MSVC\14.44.35207\bin\HostX64\x64" -x cu   -I"C:\Users\806395\source\repos\cuda-samples-master\Common" -I"C:\Program Files\NVIDIA GPU Computing Toolkit\CUDA\v12.9\include" -I"C:\Program Files\NVIDIA GPU Computing Toolkit\CUDA\v12.9\include"  -G   --keep-dir x64\Debug  -maxrregcount=0    --machine 64 --compile -cudart static  -g  -DWIN32 -DWIN64 -D_DEBUG -D_CONSOLE -D_MBCS -Xcompiler "/EHsc /W3 /nologo /Od /FS /Zi /RTC1 /MDd " -Xcompiler "/Fdx64\Debug\vc143.pdb" -o C:\Users\806395\source\repos\CudaLab4-ImageProc\CudaLab4-ImageProc\x64\Debug\ImageProcess_cuda.cu.obj "C:\Users\806395\OneDrive - hull.ac.uk\Downloads\ImageProcess_cuda.cu" 
C:\Users\806395\OneDrive - hull.ac.uk\Downloads\ImageProcess_cuda.cu(108): warning #177-D: variable "tx" was declared but never referenced
        float tx = 0, ty = 0, scale = 1, cx = 0, cy = 0;
              ^
  
  Remark: The warnings can be suppressed with "-diag-suppress <warning-number>"
  
C:\Users\806395\OneDrive - hull.ac.uk\Downloads\ImageProcess_cuda.cu(108): warning #177-D: variable "ty" was declared but never referenced
        float tx = 0, ty = 0, scale = 1, cx = 0, cy = 0;
                      ^
  
C:\Users\806395\OneDrive - hull.ac.uk\Downloads\ImageProcess_cuda.cu(108): warning #177-D: variable "scale" was declared but never referenced
        float tx = 0, ty = 0, scale = 1, cx = 0, cy = 0;
                              ^
  
C:\Users\806395\OneDrive - hull.ac.uk\Downloads\ImageProcess_cuda.cu(108): warning #177-D: variable "cx" was declared but never referenced
        float tx = 0, ty = 0, scale = 1, cx = 0, cy = 0;
                                         ^
  
C:\Users\806395\OneDrive - hull.ac.uk\Downloads\ImageProcess_cuda.cu(108): warning #177-D: variable "cy" was declared but never referenced
        float tx = 0, ty = 0, scale = 1, cx = 0, cy = 0;
                                                 ^
  
CUDACOMPILE : nvcc warning : Support for offline compilation for architectures prior to '<compute/sm/lto>_75' will be removed in a future release (Use -Wno-deprecated-gpu-targets to suppress warning).
  ImageProcess_cuda.cu
  tmpxft_00006fb8_00000000-7_ImageProcess_cuda.cudafe1.cpp
  CudaLab4-ImageProc.vcxproj -> C:\Users\806395\source\repos\CudaLab4-ImageProc\x64\Debug\CudaLab4-ImageProc.exe
